[    0.000000] Linux version 4.15.0-163-generic (buildd@lcy01-amd64-021) (gcc version 7.5.0 (Ubuntu 7.5.0-3ubuntu1~18.04)) #171-Ubuntu SMP Fri Nov 5 11:55:11 UTC 2021 (Ubuntu 4.15.0-163.171-generic 4.15.18)
[    0.000000] Command line: BOOT_IMAGE=/boot/vmlinuz-4.15.0-163-generic root=UUID=b666db4c-8f43-4ba0-bfe3-4679b1f0a9a1 ro console=tty1 console=ttyS0
[    0.000000] KERNEL supported cpus:
[    0.000000]   Intel GenuineIntel
[    0.000000]   AMD AuthenticAMD
[    0.000000]   Centaur CentaurHauls
[    0.000000] x86/fpu: Supporting XSAVE feature 0x001: 'x87 floating point registers'
[    0.000000] x86/fpu: Supporting XSAVE feature 0x002: 'SSE registers'
[    0.000000] x86/fpu: Supporting XSAVE feature 0x004: 'AVX registers'
[    0.000000] x86/fpu: xstate_offset[2]:  576, xstate_sizes[2]:  256
[    0.000000] x86/fpu: Enabled xstate features 0x7, context size is 832 bytes, using 'standard' format.
[    0.000000] e820: BIOS-provided physical RAM map:
[    0.000000] BIOS-e820: [mem 0x0000000000000000-0x000000000009fbff] usable
[    0.000000] BIOS-e820: [mem 0x000000000009fc00-0x000000000009ffff] reserved
[    0.000000] BIOS-e820: [mem 0x00000000000f0000-0x00000000000fffff] reserved
[    0.000000] BIOS-e820: [mem 0x0000000000100000-0x00000000dffeffff] usable
[    0.000000] BIOS-e820: [mem 0x00000000dfff0000-0x00000000dfffffff] ACPI data
[    0.000000] BIOS-e820: [mem 0x00000000fec00000-0x00000000fec00fff] reserved
[    0.000000] BIOS-e820: [mem 0x00000000fee00000-0x00000000fee00fff] reserved
[    0.000000] BIOS-e820: [mem 0x00000000fffc0000-0x00000000ffffffff] reserved
[    0.000000] BIOS-e820: [mem 0x0000000100000000-0x000000011fffffff] usable
[    0.000000] NX (Execute Disable) protection: active
[    0.000000] SMBIOS 2.5 present.
[    0.000000] DMI: innotek GmbH VirtualBox/VirtualBox, BIOS VirtualBox 12/01/2006
[    0.000000] Hypervisor detected: KVM
[    0.000000] e820: last_pfn = 0x120000 max_arch_pfn = 0x400000000
[    0.000000] MTRR: Disabled
[    0.000000] x86/PAT: MTRRs disabled, skipping PAT initialization too.
[    0.000000] CPU MTRRs all blank - virtualized system.
[    0.000000] x86/PAT: Configuration [0-7]: WB  WT  UC- UC  WB  WT  UC- UC  
[    0.000000] e820: last_pfn = 0xdfff0 max_arch_pfn = 0x400000000
[    0.000000] found SMP MP-table at [mem 0x0009fff0-0x0009ffff]
[    0.000000] Scanning 1 areas for low memory corruption
[    0.000000] RAMDISK: [mem 0x3581f000-0x36c06fff]
[    0.000000] ACPI: Early table checksum verification disabled
[    0.000000] ACPI: RSDP 0x00000000000E0000 000024 (v02 VBOX  )
[    0.000000] ACPI: XSDT 0x00000000DFFF0030 00003C (v01 VBOX   VBOXXSDT 00000001 ASL  00000061)
[    0.000000] ACPI: FACP 0x00000000DFFF00F0 0000F4 (v04 VBOX   VBOXFACP 00000001 ASL  00000061)
[    0.000000] ACPI: DSDT 0x00000000DFFF0470 002325 (v02 VBOX   VBOXBIOS 00000002 INTL 20120111)
[    0.000000] ACPI: FACS 0x00000000DFFF0200 000040
[    0.000000] ACPI: FACS 0x00000000DFFF0200 000040
[    0.000000] ACPI: APIC 0x00000000DFFF0240 00005C (v02 VBOX   VBOXAPIC 00000001 ASL  00000061)
[    0.000000] ACPI: SSDT 0x00000000DFFF02A0 0001CC (v01 VBOX   VBOXCPUT 00000002 INTL 20120111)
[    0.000000] ACPI: Reserving FACP table memory at [mem 0xdfff00f0-0xdfff01e3]
[    0.000000] ACPI: Reserving DSDT table memory at [mem 0xdfff0470-0xdfff2794]
[    0.000000] ACPI: Reserving FACS table memory at [mem 0xdfff0200-0xdfff023f]
[    0.000000] ACPI: Reserving FACS table memory at [mem 0xdfff0200-0xdfff023f]
[    0.000000] ACPI: Reserving APIC table memory at [mem 0xdfff0240-0xdfff029b]
[    0.000000] ACPI: Reserving SSDT table memory at [mem 0xdfff02a0-0xdfff046b]
[    0.000000] No NUMA configuration found
[    0.000000] Faking a node at [mem 0x0000000000000000-0x000000011fffffff]
[    0.000000] NODE_DATA(0) allocated [mem 0x11ffd1000-0x11fffbfff]
[    0.000000] kvm-clock: cpu 0, msr 1:1ff50001, primary cpu clock
[    0.000000] kvm-clock: Using msrs 4b564d01 and 4b564d00
[    0.000000] kvm-clock: using sched offset of 5382753488 cycles
[    0.000000] clocksource: kvm-clock: mask: 0xffffffffffffffff max_cycles: 0x1cd42e4dffb, max_idle_ns: 881590591483 ns
[    0.000000] Zone ranges:
[    0.000000]   DMA      [mem 0x0000000000001000-0x0000000000ffffff]
[    0.000000]   DMA32    [mem 0x0000000001000000-0x00000000ffffffff]
[    0.000000]   Normal   [mem 0x0000000100000000-0x000000011fffffff]
[    0.000000]   Device   empty
[    0.000000] Movable zone start for each node
[    0.000000] Early memory node ranges
[    0.000000]   node   0: [mem 0x0000000000001000-0x000000000009efff]
[    0.000000]   node   0: [mem 0x0000000000100000-0x00000000dffeffff]
[    0.000000]   node   0: [mem 0x0000000100000000-0x000000011fffffff]
[    0.000000] Reserved but unavailable: 104 pages
[    0.000000] Initmem setup node 0 [mem 0x0000000000001000-0x000000011fffffff]
[    0.000000] ACPI: PM-Timer IO Port: 0x4008
[    0.000000] IOAPIC[0]: apic_id 2, version 32, address 0xfec00000, GSI 0-23
[    0.000000] ACPI: INT_SRC_OVR (bus 0 bus_irq 0 global_irq 2 dfl dfl)
[    0.000000] ACPI: INT_SRC_OVR (bus 0 bus_irq 9 global_irq 9 low level)
[    0.000000] Using ACPI (MADT) for SMP configuration information
[    0.000000] smpboot: Allowing 2 CPUs, 0 hotplug CPUs
[    0.000000] PM: Registered nosave memory: [mem 0x00000000-0x00000fff]
[    0.000000] PM: Registered nosave memory: [mem 0x0009f000-0x0009ffff]
[    0.000000] PM: Registered nosave memory: [mem 0x000a0000-0x000effff]
[    0.000000] PM: Registered nosave memory: [mem 0x000f0000-0x000fffff]
[    0.000000] PM: Registered nosave memory: [mem 0xdfff0000-0xdfffffff]
[    0.000000] PM: Registered nosave memory: [mem 0xe0000000-0xfebfffff]
[    0.000000] PM: Registered nosave memory: [mem 0xfec00000-0xfec00fff]
[    0.000000] PM: Registered nosave memory: [mem 0xfec01000-0xfedfffff]
[    0.000000] PM: Registered nosave memory: [mem 0xfee00000-0xfee00fff]
[    0.000000] PM: Registered nosave memory: [mem 0xfee01000-0xfffbffff]
[    0.000000] PM: Registered nosave memory: [mem 0xfffc0000-0xffffffff]
[    0.000000] e820: [mem 0xe0000000-0xfebfffff] available for PCI devices
[    0.000000] Booting paravirtualized kernel on KVM
[    0.000000] clocksource: refined-jiffies: mask: 0xffffffff max_cycles: 0xffffffff, max_idle_ns: 7645519600211568 ns
[    0.000000] random: get_random_bytes called from start_kernel+0x99/0x500 with crng_init=0
[    0.000000] setup_percpu: NR_CPUS:8192 nr_cpumask_bits:2 nr_cpu_ids:2 nr_node_ids:1
[    0.000000] percpu: Embedded 45 pages/cpu s147456 r8192 d28672 u1048576
[    0.000000] PV qspinlock hash table entries: 256 (order: 0, 4096 bytes)
[    0.000000] Built 1 zonelists, mobility grouping on.  Total pages: 1032057
[    0.000000] Policy zone: Normal
[    0.000000] Kernel command line: BOOT_IMAGE=/boot/vmlinuz-4.15.0-163-generic root=UUID=b666db4c-8f43-4ba0-bfe3-4679b1f0a9a1 ro console=tty1 console=ttyS0
[    0.000000] Memory: 4012460K/4193848K available (12300K kernel code, 2483K rwdata, 4320K rodata, 2448K init, 2724K bss, 181388K reserved, 0K cma-reserved)
[    0.000000] SLUB: HWalign=64, Order=0-3, MinObjects=0, CPUs=2, Nodes=1
[    0.000000] Kernel/User page tables isolation: enabled
[    0.000000] ftrace: allocating 39476 entries in 155 pages
[    0.004000] Hierarchical RCU implementation.
[    0.004000] 	RCU restricting CPUs from NR_CPUS=8192 to nr_cpu_ids=2.
[    0.004000] 	Tasks RCU enabled.
[    0.004000] RCU: Adjusting geometry for rcu_fanout_leaf=16, nr_cpu_ids=2
[    0.004000] NR_IRQS: 524544, nr_irqs: 440, preallocated irqs: 16
[    0.004000] Console: colour VGA+ 80x25
[    0.004000] console [tty1] enabled
[    0.004000] console [ttyS0] enabled
[    0.004000] ACPI: Core revision 20170831
[    0.004000] ACPI: 2 ACPI AML tables successfully acquired and loaded
[    0.004000] APIC: Switch to symmetric I/O mode setup
[    0.004000] x2apic enabled
[    0.004000] Switched APIC routing to physical x2apic.
[    0.004000] ..TIMER: vector=0x30 apic1=0 pin1=2 apic2=-1 pin2=-1
[    0.004003] tsc: Detected 2808.000 MHz processor
[    0.004952] Calibrating delay loop (skipped) preset value.. 5616.00 BogoMIPS (lpj=11232000)
[    0.005690] pid_max: default: 32768 minimum: 301
[    0.008033] Security Framework initialized
[    0.008886] Yama: becoming mindful.
[    0.009640] AppArmor: AppArmor initialized
[    0.013468] Dentry cache hash table entries: 524288 (order: 10, 4194304 bytes)
[    0.016970] Inode-cache hash table entries: 262144 (order: 9, 2097152 bytes)
[    0.019227] Mount-cache hash table entries: 8192 (order: 4, 65536 bytes)
[    0.020010] Mountpoint-cache hash table entries: 8192 (order: 4, 65536 bytes)
[    0.021807] Last level iTLB entries: 4KB 64, 2MB 8, 4MB 8
[    0.024001] Last level dTLB entries: 4KB 64, 2MB 0, 4MB 0, 1GB 4
[    0.025179] Spectre V1 : Mitigation: usercopy/swapgs barriers and __user pointer sanitization
[    0.026850] Spectre V2 : Mitigation: Full generic retpoline
[    0.028001] Spectre V2 : Spectre v2 / SpectreRSB mitigation: Filling RSB on context switch
[    0.029673] Speculative Store Bypass: Vulnerable
[    0.030890] SRBDS: Unknown: Dependent on hypervisor status
[    0.032001] MDS: Mitigation: Clear CPU buffers
[    0.033036] Freeing SMP alternatives memory: 36K
[    0.144063] smpboot: CPU0: Intel(R) Core(TM) i7-7700HQ CPU @ 2.80GHz (family: 0x6, model: 0x9e, stepping: 0x9)
[    0.147066] Performance Events: unsupported p6 CPU model 158 no PMU driver, software events only.
[    0.148028] Hierarchical SRCU implementation.
[    0.149547] NMI watchdog: Perf event create on CPU 0 failed with -2
[    0.150828] NMI watchdog: Perf NMI watchdog permanently disabled
[    0.152034] smp: Bringing up secondary CPUs ...
[    0.153933] x86: Booting SMP configuration:
[    0.156003] .... node  #0, CPUs:      #1
[    0.004000] kvm-clock: cpu 1, msr 1:1ff50041, secondary cpu clock
[    0.160016] smp: Brought up 1 node, 2 CPUs
[    0.160931] smpboot: Max logical packages: 1
[    0.162278] smpboot: Total of 2 processors activated (11232.00 BogoMIPS)
[    0.164144] devtmpfs: initialized
[    0.164776] x86/mm: Memory block size: 128MB
[    0.165907] evm: security.selinux
[    0.166641] evm: security.SMACK64
[    0.168002] evm: security.SMACK64EXEC
[    0.168817] evm: security.SMACK64TRANSMUTE
[    0.169772] evm: security.SMACK64MMAP
[    0.170914] evm: security.apparmor
[    0.172002] evm: security.ima
[    0.173028] evm: security.capability
[    0.173932] clocksource: jiffies: mask: 0xffffffff max_cycles: 0xffffffff, max_idle_ns: 7645041785100000 ns
[    0.176011] futex hash table entries: 512 (order: 3, 32768 bytes)
[    0.177497] pinctrl core: initialized pinctrl subsystem
[    0.178704] RTC time:  9:31:57, date: 12/20/21
[    0.180048] NET: Registered protocol family 16
[    0.181153] audit: initializing netlink subsys (disabled)
[    0.182690] audit: type=2000 audit(1639992724.812:1): state=initialized audit_enabled=0 res=1
[    0.184009] cpuidle: using governor ladder
[    0.185103] cpuidle: using governor menu
[    0.186100] ACPI: bus type PCI registered
[    0.188002] acpiphp: ACPI Hot Plug PCI Controller Driver version: 0.5
[    0.189399] PCI: Using configuration type 1 for base access
[    0.192909] HugeTLB registered 2.00 MiB page size, pre-allocated 0 pages
[    0.193433] ACPI: Added _OSI(Module Device)
[    0.193433] ACPI: Added _OSI(Processor Device)
[    0.196004] ACPI: Added _OSI(3.0 _SCP Extensions)
[    0.197083] ACPI: Added _OSI(Processor Aggregator Device)
[    0.198187] ACPI: Added _OSI(Linux-Dell-Video)
[    0.199155] ACPI: Added _OSI(Linux-Lenovo-NV-HDMI-Audio)
[    0.200002] ACPI: Added _OSI(Linux-HPI-Hybrid-Graphics)
[    0.201887] ACPI: Executed 1 blocks of module-level executable AML code
[    0.206758] ACPI: Interpreter enabled
[    0.207717] ACPI: (supports S0 S5)
[    0.208002] ACPI: Using IOAPIC for interrupt routing
[    0.209633] PCI: Using host bridge windows from ACPI; if necessary, use "pci=nocrs" and report a bug
[    0.211712] ACPI: Enabled 2 GPEs in block 00 to 07
[    0.219808] ACPI: PCI Root Bridge [PCI0] (domain 0000 [bus 00-ff])
[    0.220007] acpi PNP0A03:00: _OSC: OS supports [ASPM ClockPM Segments MSI]
[    0.221761] acpi PNP0A03:00: _OSC: not requesting OS control; OS requires [ExtendedConfig ASPM ClockPM MSI]
[    0.224009] acpi PNP0A03:00: fail to add MMCONFIG information, can't access extended PCI configuration space under this bridge.
[    0.228553] PCI host bridge to bus 0000:00
[    0.229779] pci_bus 0000:00: root bus resource [io  0x0000-0x0cf7 window]
[    0.231130] pci_bus 0000:00: root bus resource [io  0x0d00-0xffff window]
[    0.232004] pci_bus 0000:00: root bus resource [mem 0x000a0000-0x000bffff window]
[    0.233838] pci_bus 0000:00: root bus resource [mem 0xe0000000-0xfdffffff window]
[    0.236004] pci_bus 0000:00: root bus resource [bus 00-ff]
[    0.240304] pci 0000:00:01.1: legacy IDE quirk: reg 0x10: [io  0x01f0-0x01f7]
[    0.241769] pci 0000:00:01.1: legacy IDE quirk: reg 0x14: [io  0x03f6]
[    0.243082] pci 0000:00:01.1: legacy IDE quirk: reg 0x18: [io  0x0170-0x0177]
[    0.244002] pci 0000:00:01.1: legacy IDE quirk: reg 0x1c: [io  0x0376]
[    0.286040] pci 0000:00:07.0: quirk: [io  0x4000-0x403f] claimed by PIIX4 ACPI
[    0.287829] pci 0000:00:07.0: quirk: [io  0x4100-0x410f] claimed by PIIX4 SMB
[    0.314106] ACPI: PCI Interrupt Link [LNKA] (IRQs 5 9 10 *11)
[    0.316280] ACPI: PCI Interrupt Link [LNKB] (IRQs 5 9 *10 11)
[    0.317998] ACPI: PCI Interrupt Link [LNKC] (IRQs 5 *9 10 11)
[    0.319247] ACPI: PCI Interrupt Link [LNKD] (IRQs 5 9 10 *11)
[    0.320264] SCSI subsystem initialized
[    0.321583] pci 0000:00:02.0: vgaarb: setting as boot VGA device
[    0.321583] pci 0000:00:02.0: vgaarb: VGA device added: decodes=io+mem,owns=io+mem,locks=none
[    0.324009] pci 0000:00:02.0: vgaarb: bridge control possible
[    0.325156] vgaarb: loaded
[    0.328027] ACPI: bus type USB registered
[    0.329131] usbcore: registered new interface driver usbfs
[    0.330271] usbcore: registered new interface driver hub
[    0.332016] usbcore: registered new device driver usb
[    0.333130] EDAC MC: Ver: 3.0.0
[    0.333130] PCI: Using ACPI for IRQ routing
[    0.336107] NetLabel: Initializing
[    0.336840] NetLabel:  domain hash size = 128
[    0.338225] NetLabel:  protocols = UNLABELED CIPSOv4 CALIPSO
[    0.339504] NetLabel:  unlabeled traffic allowed by default
[    0.340953] clocksource: Switched to clocksource kvm-clock
[    0.352891] VFS: Disk quotas dquot_6.6.0
[    0.354143] VFS: Dquot-cache hash table entries: 512 (order 0, 4096 bytes)
[    0.355816] AppArmor: AppArmor Filesystem Enabled
[    0.356865] pnp: PnP ACPI init
[    0.358914] pnp: PnP ACPI: found 3 devices
[    0.368729] clocksource: acpi_pm: mask: 0xffffff max_cycles: 0xffffff, max_idle_ns: 2085701024 ns
[    0.371060] NET: Registered protocol family 2
[    0.371998] IP idents hash table entries: 65536 (order: 7, 524288 bytes)
[    0.373709] TCP established hash table entries: 32768 (order: 6, 262144 bytes)
[    0.375339] TCP bind hash table entries: 32768 (order: 7, 524288 bytes)
[    0.376832] TCP: Hash tables configured (established 32768 bind 32768)
[    0.380030] UDP hash table entries: 2048 (order: 4, 65536 bytes)
[    0.381886] UDP-Lite hash table entries: 2048 (order: 4, 65536 bytes)
[    0.383252] NET: Registered protocol family 1
[    0.384188] pci 0000:00:00.0: Limiting direct PCI/PCI transfers
[    0.385462] pci 0000:00:01.0: Activating ISA DMA hang workarounds
[    0.386829] pci 0000:00:02.0: Video device with shadowed ROM at [mem 0x000c0000-0x000dffff]
[    0.388982] Unpacking initramfs...
[    0.670974] Freeing initrd memory: 20384K
[    0.672657] PCI-DMA: Using software bounce buffering for IO (SWIOTLB)
[    0.674664] software IO TLB: mapped [mem 0xdbff0000-0xdfff0000] (64MB)
[    0.676672] clocksource: tsc: mask: 0xffffffffffffffff max_cycles: 0x2879c5f06f2, max_idle_ns: 440795220049 ns
[    0.678716] platform rtc_cmos: registered platform RTC device (no PNP device found)
[    0.680269] Scanning for low memory corruption every 60 seconds
[    0.682426] Initialise system trusted keyrings
[    0.683687] Key type blacklist registered
[    0.684666] workingset: timestamp_bits=36 max_order=20 bucket_order=0
[    0.686851] zbud: loaded
[    0.688326] squashfs: version 4.0 (2009/01/31) Phillip Lougher
[    0.689756] fuse init (API version 7.26)
[    0.692688] Key type asymmetric registered
[    0.693873] Asymmetric key parser 'x509' registered
[    0.695269] Block layer SCSI generic (bsg) driver version 0.4 loaded (major 246)
[    0.697434] io scheduler noop registered
[    0.698250] io scheduler deadline registered
[    0.699137] io scheduler cfq registered (default)
[    0.700647] ACPI: AC Adapter [AC] (on-line)
[    0.701586] input: Power Button as /devices/LNXSYSTM:00/LNXPWRBN:00/input/input0
[    0.703157] ACPI: Power Button [PWRF]
[    0.704006] input: Sleep Button as /devices/LNXSYSTM:00/LNXSLPBN:00/input/input1
[    0.705606] ACPI: Sleep Button [SLPF]
[    0.707866] ACPI: Battery Slot [BAT0] (battery present)
[    0.708243] Serial: 8250/16550 driver, 32 ports, IRQ sharing enabled
[    0.731221] 00:02: ttyS0 at I/O 0x3f8 (irq = 4, base_baud = 115200) is a 16550A
[    0.735062] Linux agpgart interface v0.103
[    0.737032] loop: module loaded
[    0.738170] scsi host0: ata_piix
[    0.739248] scsi host1: ata_piix
[    0.740282] ata1: PATA max UDMA/33 cmd 0x1f0 ctl 0x3f6 bmdma 0xd000 irq 14
[    0.741886] ata2: PATA max UDMA/33 cmd 0x170 ctl 0x376 bmdma 0xd008 irq 15
[    0.743884] libphy: Fixed MDIO Bus: probed
[    0.744822] tun: Universal TUN/TAP device driver, 1.6
[    0.745881] PPP generic driver version 2.4.2
[    0.746935] ehci_hcd: USB 2.0 'Enhanced' Host Controller (EHCI) Driver
[    0.748614] ehci-pci: EHCI PCI platform driver
[    0.749520] ehci-platform: EHCI generic platform driver
[    0.750569] ohci_hcd: USB 1.1 'Open' Host Controller (OHCI) Driver
[    0.751773] ohci-pci: OHCI PCI platform driver
[    0.753371] ohci-platform: OHCI generic platform driver
[    0.754449] uhci_hcd: USB Universal Host Controller Interface driver
[    0.755715] i8042: PNP: PS/2 Controller [PNP0303:PS2K,PNP0f03:PS2M] at 0x60,0x64 irq 1,12
[    0.757831] serio: i8042 KBD port at 0x60,0x64 irq 1
[    0.759551] serio: i8042 AUX port at 0x60,0x64 irq 12
[    0.761354] mousedev: PS/2 mouse device common for all mice
[    0.762724] input: AT Translated Set 2 keyboard as /devices/platform/i8042/serio0/input/input2
[    0.765566] rtc_cmos rtc_cmos: rtc core: registered rtc_cmos as rtc0
[    0.766947] rtc_cmos rtc_cmos: alarms up to one day, 114 bytes nvram
[    0.768243] i2c /dev entries driver
[    0.769031] device-mapper: uevent: version 1.0.3
[    0.770083] device-mapper: ioctl: 4.37.0-ioctl (2017-09-20) initialised: dm-devel@redhat.com
[    0.772046] ledtrig-cpu: registered to indicate activity on CPUs
[    0.773563] NET: Registered protocol family 10
[    0.777502] Segment Routing with IPv6
[    0.778453] NET: Registered protocol family 17
[    0.780421] Key type dns_resolver registered
[    0.781511] mce: Using 0 MCE banks
[    0.782254] RAS: Correctable Errors collector initialized.
[    0.783373] sched_clock: Marking stable (781487396, 0)->(1512575474, -731088078)
[    0.785959] registered taskstats version 1
[    0.787368] Loading compiled-in X.509 certificates
[    0.790844] Loaded X.509 cert 'Build time autogenerated kernel key: f60a4c8d126e94dbf36c5faa43fb49029eeea9a9'
[    0.794554] Loaded X.509 cert 'Canonical Ltd. Live Patch Signing: 14df34d1a87cf37625abec039ef2bf521249b969'
[    0.797062] Loaded X.509 cert 'Canonical Ltd. Kernel Module Signing: 88f752e560a1e0737e31163a466ad7b70a850c19'
[    0.799499] zswap: loaded using pool lzo/zbud
[    0.803333] Key type big_key registered
[    0.804191] Key type trusted registered
[    0.806520] Key type encrypted registered
[    0.807512] AppArmor: AppArmor sha1 policy hashing enabled
[    0.808713] ima: No TPM chip found, activating TPM-bypass! (rc=-19)
[    0.810047] ima: Allocated hash algorithm: sha1
[    0.810991] evm: HMAC attrs: 0x1
[    0.811968]   Magic number: 1:970:525
[    0.812895] rtc_cmos rtc_cmos: setting system clock to 2021-12-20 09:31:57 UTC (1639992717)
[    0.815207] BIOS EDD facility v0.16 2004-Jun-25, 0 devices found
[    0.816640] EDD information not available.
[    0.930829] Freeing unused kernel image memory: 2448K
[    0.940769] Write protecting the kernel read-only data: 20480k
[    0.943861] Freeing unused kernel image memory: 2008K
[    0.945724] Freeing unused kernel image memory: 1824K
[    0.952947] x86/mm: Checked W+X mappings: passed, no W+X pages found.
[    0.954554] x86/mm: Checking user space page tables
[    0.961233] x86/mm: Checked W+X mappings: passed, no W+X pages found.
Loading, please wait...
starting version 237
[    1.018724] e1000: Intel(R) PRO/1000 Network Driver - version 7.3.21-k8-NAPI
[    1.021288] e1000: Copyright (c) 1999-2006 Intel Corporation.
[    1.029911] Fusion MPT base driver 3.04.20
[    1.031532] Copyright (c) 1999-2008 LSI Corporation
[    1.041789] AVX2 version of gcm_enc/dec engaged.
[    1.043790] AES CTR mode by8 optimization enabled
[    1.047951] Fusion MPT SPI Host driver 3.04.20
[    1.235002] input: ImExPS/2 Generic Explorer Mouse as /devices/platform/i8042/serio1/input/input4
[    1.710695] e1000 0000:00:03.0 eth0: (PCI:33MHz:32-bit) 02:05:85:8a:28:11
[    1.713021] e1000 0000:00:03.0 eth0: Intel(R) PRO/1000 Network Connection
[    2.417115] e1000 0000:00:08.0 eth1: (PCI:33MHz:32-bit) 08:00:27:86:34:f8
[    2.419417] e1000 0000:00:08.0 eth1: Intel(R) PRO/1000 Network Connection
[    2.422602] e1000 0000:00:03.0 enp0s3: renamed from eth0
[    2.424300] mptbase: ioc0: Initiating bringup
[    2.436540] e1000 0000:00:08.0 enp0s8: renamed from eth1
[    2.524437] ioc0: LSI53C1030 A0: Capabilities={Initiator}
[    2.768587] scsi host2: ioc0: LSI53C1030 A0, FwRev=00000000h, Ports=1, MaxQ=256, IRQ=20
[    2.936774] scsi 2:0:0:0: Direct-Access     VBOX     HARDDISK         1.0  PQ: 0 ANSI: 5
[    3.104694] scsi target2:0:0: Beginning Domain Validation
[    3.108019] scsi target2:0:0: Domain Validation skipping write tests
[    3.109995] scsi target2:0:0: Ending Domain Validation
[    3.111555] scsi target2:0:0: asynchronous
[    3.113041] scsi 2:0:1:0: Direct-Access     VBOX     HARDDISK         1.0  PQ: 0 ANSI: 5
[    4.146118] scsi target2:0:1: Beginning Domain Validation
[    4.149507] random: fast init done
[    4.150894] scsi target2:0:1: Domain Validation skipping write tests
[    4.152826] scsi target2:0:1: Ending Domain Validation
[    4.154223] scsi target2:0:1: asynchronous
[    4.158551] random: systemd-udevd: uninitialized urandom read (16 bytes read)
[    4.159106] sd 2:0:0:0: [sda] 83886080 512-byte logical blocks: (42.9 GB/40.0 GiB)
[    4.161260] random: systemd-udevd: uninitialized urandom read (16 bytes read)
[    4.163645] sd 2:0:0:0: Attached scsi generic sg0 type 0
[    4.166132] random: systemd-udevd: uninitialized urandom read (16 bytes read)
[    4.166497] sd 2:0:0:0: [sda] Write Protect is off
[    4.171429] sd 2:0:1:0: Attached scsi generic sg1 type 0
[    4.171459] sd 2:0:0:0: [sda] Incomplete mode parameter data
[    4.174681] sd 2:0:0:0: [sda] Assuming drive cache: write through
[    4.176906] sd 2:0:1:0: [sdb] 20480 512-byte logical blocks: (10.5 MB/10.0 MiB)
[    4.179219] sd 2:0:1:0: [sdb] Write Protect is off
[    4.180752] sd 2:0:1:0: [sdb] Incomplete mode parameter data
[    4.182413] sd 2:0:1:0: [sdb] Assuming drive cache: write through
[    4.187165]  sda: sda1
[    4.188525] sd 2:0:0:0: [sda] Attached SCSI disk
[    4.190023] sd 2:0:1:0: [sdb] Attached SCSI disk
Begin: Loading essential drivers ... [    5.777675] raid6: sse2x1   gen() 11579 MB/s
[    5.824208] raid6: sse2x1   xor()  7898 MB/s
[    5.872144] raid6: sse2x2   gen() 13939 MB/s
[    5.920043] raid6: sse2x2   xor()  9259 MB/s
[    5.968211] raid6: sse2x4   gen() 14499 MB/s
[    6.016295] raid6: sse2x4   xor()  8869 MB/s
[    6.064170] raid6: avx2x1   gen() 21539 MB/s
[    6.112949] raid6: avx2x1   xor() 16159 MB/s
[    6.160103] raid6: avx2x2   gen() 26311 MB/s
[    6.209265] raid6: avx2x2   xor() 17701 MB/s
[    6.256125] raid6: avx2x4   gen() 29227 MB/s
[    6.304117] raid6: avx2x4   xor() 18293 MB/s
[    6.305416] raid6: using algorithm avx2x4 gen() 29227 MB/s
[    6.306805] raid6: .... xor() 18293 MB/s, rmw enabled
[    6.308607] raid6: using avx2x2 recovery algorithm
[    6.310572] xor: automatically using best checksumming function   avx       
[    6.313313] async_tx: api initialized (async)
done.
Begin: Running /scripts/init-premount ... done.
Begin: Mounting root file system ... Begin: Running /scripts/local-top ... done.
Begin: Running /scripts/local-premount ... [    6.358120] Btrfs loaded, crc32c=crc32c-intel
Scanning for Btrfs filesystems
done.
Begin: Will now check root file system ... fsck from util-linux 2.31.1
[/sbin/fsck.ext4 (1) -- /dev/sda1] fsck.ext4 -a -C0 /dev/sda1 
cloudimg-rootfs: recovering journal
cloudimg-rootfs: Clearing orphaned inode 2145 (uid=0, gid=0, mode=0100644, size=536648)
cloudimg-rootfs: Clearing orphaned inode 2034 (uid=0, gid=0, mode=0100755, size=219272)
cloudimg-rootfs: Clearing orphaned inode 2016 (uid=0, gid=0, mode=0100644, size=2367728)
cloudimg-rootfs: Clearing orphaned inode 2162 (uid=0, gid=0, mode=0100644, size=253944)
cloudimg-rootfs: Clearing orphaned inode 2182 (uid=0, gid=0, mode=0100644, size=121016)
cloudimg-rootfs: Clearing orphaned inode 6501 (uid=0, gid=0, mode=0100644, size=2361984)
cloudimg-rootfs: Clearing orphaned inode 4764 (uid=0, gid=0, mode=0100644, size=112672)
cloudimg-rootfs: Clearing orphaned inode 6217 (uid=0, gid=0, mode=0100644, size=1796104)
cloudimg-rootfs: Clearing orphaned inode 6212 (uid=0, gid=0, mode=0100644, size=26904112)
cloudimg-rootfs: Clearing orphaned inode 2177 (uid=0, gid=0, mode=0100644, size=1159864)
cloudimg-rootfs: clean, 173712/5120000 files, 1517486/10485499 blocks
done.
[    6.560901] EXT4-fs (sda1): mounted filesystem with ordered data mode. Opts: (null)
done.
Begin: Running /scripts/local-bottom ... done.
Begin: Running /scripts/init-bottom ... done.
[    6.769713] ip_tables: (C) 2000-2006 Netfilter Core Team
[    6.781235] systemd[1]: systemd 237 running in system mode. (+PAM +AUDIT +SELINUX +IMA +APPARMOR +SMACK +SYSVINIT +UTMP +LIBCRYPTSETUP +GCRYPT +GNUTLS +ACL +XZ +LZ4 +SECCOMP +BLKID +ELFUTILS +KMOD -IDN2 +IDN -PCRE2 default-hierarchy=hybrid)
[    6.785918] systemd[1]: Detected virtualization oracle.
[    6.787049] systemd[1]: Detected architecture x86-64.

Welcome to [1mUbuntu 18.04.5 LTS[0m!

[    6.792503] systemd[1]: Set hostname to <gitlab>.
[    7.176705] systemd[1]: Created slice System Slice.
[[0;32m  OK  [0m] Created slice System Slice.
[    7.178941] systemd[1]: Reached target System Time Synchronized.
[[0;32m  OK  [0m] Reached target System Time Synchronized.
[    7.181391] systemd[1]: Listening on udev Control Socket.
[[0;32m  OK  [0m] Listening on udev Control Socket.
[    7.184100] systemd[1]: Listening on udev Kernel Socket.
[[0;32m  OK  [0m] Listening on udev Kernel Socket.
[    7.186589] systemd[1]: Listening on Syslog Socket.
[[0;32m  OK  [0m] Listening on Syslog Socket.
[    7.188823] systemd[1]: Listening on Journal Audit Socket.
[[0;32m  OK  [0m] Listening on Journal Audit Socket.
[[0;32m  OK  [0m] Listening on Journal Socket (/dev/log).
[[0;32m  OK  [0m] Started Forward Password Requests to Wall Directory Watch.
[[0;32m  OK  [0m] Reached target User and Group Name Lookups.
[[0;32m  OK  [0m] Created slice system-postfix.slice.
[[0;32m  OK  [0m] Reached target Swap.
[[0;32m  OK  [0m] Listening on LVM2 metadata daemon socket.
[[0;32m  OK  [0m] Created slice User and Session Slice.
[[0;32m  OK  [0m] Reached target Slices.
[[0;32m  OK  [0m] Set up automount Arbitrary Executabâ€¦rmats File System Automount Point.
[[0;32m  OK  [0m] Listening on Device-mapper event daemon FIFOs.
[[0;32m  OK  [0m] Listening on fsck to fsckd communication Socket.
[[0;32m  OK  [0m] Created slice system-serial\x2dgetty.slice.
[[0;32m  OK  [0m] Listening on Journal Socket.
         Starting Uncomplicated firewall...
         Mounting POSIX Message Queue File System...
         Mounting Kernel Debug File System...
         Starting Set the console keyboard layout...
         Starting Journal Service...
         Starting Create list of required stâ€¦ce nodes for the current kernel...
         Starting Load Kernel Modules...
         Mounting Huge Pages File System...
         Starting Remount Root and Kernel File Systems...
         Starting udev Coldplug all Devices...
[[0;32m  OK  [0m] Listening on LVM2 poll daemon socket.
         Starting Monitoring of LVM2 mirrorsâ€¦ng dmeventd or progress polling...
[    7.409260] Loading iSCSI transport class v2.0-870.
[    7.415587] iscsi: registered transport (tcp)
[[0;32m  OK  [0m] Listening on /dev/initctl Compatibility Named Pipe.
[[0;32m  OK  [0m] Listening on Network Service Netlink Socket.
[[0;32m  OK  [0m] Started Journal Service.
[[0;32m  OK  [0m] Started Uncomplicated firewall.
[[0;32m  OK  [0m] Mounted POSIX Message Queue File System.
[[0;32m  OK  [0m] Mounted Kernel Debug File System.
[[0;32m  OK  [0m] Started Create list of required staâ€¦vice nodes for the current kernel.
[[0;32m  OK  [0m] Mounted Huge Pages File System.
[[0;32m  OK  [0m] Started LVM2 metadata daemon.
         Starting Create Static Device Nodes in /dev...
[    7.474304] EXT4-fs (sda1): re-mounted. Opts: (null)
[[0;32m  OK  [0m] Started Remount Root and Kernel File Systems.
         Starting Load/Save Random Seed...
[    7.516510] iscsi: registered transport (iser)
         Starting Flush Journal to Persistent Storage...
[[0;32m  OK  [0m] Started Set the console keyboard layout.
[[0;32m  OK  [0m] Started Load Kernel Modules.
[[0;32m  OK  [0m] Started Monitoring of LVM2 mirrors,â€¦sing dmeventd or progress polling.
[[0;32m  OK  [0m] Started udev Coldplug all Devices.
[[0;32m  OK  [0m] Started Load/Save Random Seed.
[[0;32m  OK  [0m] Started Create Static Device Nodes in /dev.
         Starting udev Kernel Device Manager...
         Starting Apply Kernel Variables...
         Mounting FUSE Control File System...
         Mounting Kernel Configuration File System...
[[0;32m  OK  [0m] Reached target Local File Systems (Pre).
[[0;32m  OK  [0m] Reached target Local File Systems.
         Starting ebtables ruleset management...
         Starting Tell Plymouth To Write Out Runtime Data...
         Starting Set console font and keymap...
         Starting AppArmor initialization...
[[0;32m  OK  [0m] Mounted FUSE Control File System.
[[0;32m  OK  [0m] Mounted Kernel Configuration File System.
[    7.606283] systemd-journald[413]: Received request to flush runtime journal from PID 1
[[0;32m  OK  [0m] Started udev Kernel Device Manager.
[[0;32m  OK  [0m] Started Dispatch Password Requests to Console Directory Watch.
[[0;32m  OK  [0m] Reached target Local Encrypted Volumes.
[[0;32m  OK  [0m] Started Set console font and keymap.
[[0;32m  OK  [0m] Started Tell Plymouth To Write Out Runtime Data.
[[0;32m  OK  [0m] Started Apply Kernel Variables.
[[0;32m  OK  [0m] Started Flush Journal to Persistent Storage.
         Starting Create Volatile Files and Directories...
[[0;32m  OK  [0m] Started ebtables ruleset management.
[[0;32m  OK  [0m] Found device /dev/ttyS0.
[[0;32m  OK  [0m] Started Create Volatile Files and Directories.
         Starting Update UTMP about System Boot/Shutdown...
[[0;32m  OK  [0m] Started Update UTMP about System Boot/Shutdown.
[[0;32m  OK  [0m] Listening on Load/Save RF Kill Switch Status /dev/rfkill Watch.
[[0;32m  OK  [0m] Started AppArmor initialization.
         Starting Load AppArmor profiles managed internally by snapd...
         Starting Initial cloud-init job (pre-networking)...
[[0;32m  OK  [0m] Started Load AppArmor profiles managed internally by snapd.
[    9.722551] cloud-init[556]: Cloud-init v. 20.4.1-0ubuntu1~18.04.1 running 'init-local' at Mon, 20 Dec 2021 09:32:06 +0000. Up 9.49 seconds.
[[0;32m  OK  [0m] Started Initial cloud-init job (pre-networking).
[[0;32m  OK  [0m] Reached target Network (Pre).
         Starting Network Service...
[[0;32m  OK  [0m] Started Network Service.
         Starting Wait for Network to be Configured...
         Starting Network Name Resolution...
[[0;32m  OK  [0m] Started Network Name Resolution.
[[0;32m  OK  [0m] Reached target Host and Network Name Lookups.
[[0;32m  OK  [0m] Reached target Network.
[[0;32m  OK  [0m] Started Wait for Network to be Configured.
         Starting Initial cloud-init job (metadata service crawler)...
[   12.364739] cloud-init[675]: Cloud-init v. 20.4.1-0ubuntu1~18.04.1 running 'init' at Mon, 20 Dec 2021 09:32:08 +0000. Up 12.03 seconds.
[   12.366231] cloud-init[675]: ci-info: ++++++++++++++++++++++++++++++++++++++Net device info+++++++++++++++++++++++++++++++++++++++
[   12.376427] cloud-init[675]: ci-info: +--------+------+-----------------------------+---------------+--------+-------------------+
[   12.388350] cloud-init[675]: ci-info: | Device |  Up  |           Address           |      Mask     | Scope  |     Hw-Address    |
[   12.390723] cloud-init[675]: ci-info: +--------+------+-----------------------------+---------------+--------+-------------------+
[   12.392431] cloud-init[675]: ci-info: | enp0s3 | True |          10.0.2.15          | 255.255.255.0 | global | 02:05:85:8a:28:11 |
[   12.404425] cloud-init[675]: ci-info: | enp0s3 | True |  fe80::5:85ff:fe8a:2811/64  |       .       |  link  | 02:05:85:8a:28:11 |
[   12.405943] cloud-init[675]: ci-info: | enp0s8 | True |        192.168.56.44        | 255.255.255.0 | global | 08:00:27:86:34:f8 |
[   12.408254] cloud-init[675]: ci-info: | enp0s8 | True | fe80::a00:27ff:fe86:34f8/64 |       .       |  link  | 08:00:27:86:34:f8 |
[   12.420259] cloud-init[675]: ci-info: |   lo   | True |          127.0.0.1          |   255.0.0.0   |  host  |         .         |
[   12.422431] cloud-init[675]: ci-info: |   lo   | True |           ::1/128           |       .       |  host  |         .         |
[   12.423953] cloud-init[675]: ci-info: +--------+------+-----------------------------+---------------+--------+-------------------+
[   12.425406] cloud-init[675]: ci-info: +++++++++++++++++++++++++++++Route IPv4 info+++++++++++++++++++++++++++++
[   12.436203] cloud-init[675]: ci-info: +-------+--------------+----------+-----------------+-----------+-------+
[   12.437870] cloud-init[675]: ci-info: | Route | Destination  | Gateway  |     Genmask     | Interface | Flags |
[   12.438980] cloud-init[675]: ci-info: +-------+--------------+----------+-----------------+-----------+-------+
[   12.448758] cloud-init[675]: ci-info: |   0   |   0.0.0.0    | 10.0.2.2 |     0.0.0.0     |   enp0s3  |   UG  |
[   12.450518] cloud-init[675]: ci-info: |   1   |   10.0.2.0   | 0.0.0.0  |  255.255.255.0  |   enp0s3  |   U   |
[   12.452505] cloud-init[675]: ci-info: |   2   |   10.0.2.2   | 0.0.0.0  | 255.255.255.255 |   enp0s3  |   UH  |
[   12.454581] cloud-init[675]: ci-info: |   3   | 192.168.56.0 | 0.0.0.0  |  255.255.255.0  |   enp0s8  |   U   |
[   12.456431] cloud-init[675]: ci-info: +-------+--------------+----------+-----------------+-----------+-------+
[   12.458426] cloud-init[675]: ci-info: +++++++++++++++++++Route IPv6 info+++++++++++++++++++
[   12.459725] cloud-init[675]: ci-info: +-------+-------------+---------+-----------+-------+
[   12.461188] cloud-init[675]: ci-info: | Route | Destination | Gateway | Interface | Flags |
[   12.462661] cloud-init[675]: ci-info: +-------+-------------+---------+-----------+-------+
[   12.464218] cloud-init[675]: ci-info: |   1   |  fe80::/64  |    ::   |   enp0s8  |   U   |
[   12.465749] cloud-init[675]: ci-info: |   2   |  fe80::/64  |    ::   |   enp0s3  |   U   |
[   12.467342] cloud-init[675]: ci-info: |   4   |    local    |    ::   |   enp0s3  |   U   |
[   12.469046] cloud-init[675]: ci-info: |   5   |    local    |    ::   |   enp0s8  |   U   |
[   12.470373] cloud-init[675]: ci-info: |   6   |   ff00::/8  |    ::   |   enp0s8  |   U   |
[   12.471864] cloud-init[675]: ci-info: |   7   |   ff00::/8  |    ::   |   enp0s3  |   U   |
[   12.473070] cloud-init[675]: ci-info: +-------+-------------+---------+-----------+-------+
[[0;32m  OK  [0m] Started Initial cloud-init job (metadata service crawler).
[[0;32m  OK  [0m] Reached target Cloud-config availability.
[[0;32m  OK  [0m] Reached target System Initialization.
[[0;32m  OK  [0m] Listening on D-Bus System Message Bus Socket.
[[0;32m  OK  [0m] Started ACPI Events Check.
         Starting LXD - unix socket.
[[0;32m  OK  [0m] Listening on ACPID Listen Socket.
[[0;32m  OK  [0m] Listening on Open-iSCSI iscsid Socket.
[[0;32m  OK  [0m] Listening on UUID daemon activation socket.
         Starting Socket activation for snappy daemon.
[[0;32m  OK  [0m] Started Discard unused blocks once a week.
[[0;32m  OK  [0m] Started Daily apt download activities.
[[0;32m  OK  [0m] Started Daily apt upgrade and clean activities.
[[0;32m  OK  [0m] Started Daily Cleanup of Temporary Directories.
[[0;32m  OK  [0m] Reached target Paths.
[[0;32m  OK  [0m] Started Message of the Day.
[[0;32m  OK  [0m] Reached target Timers.
[[0;32m  OK  [0m] Reached target Network is Online.
[[0;32m  OK  [0m] Reached target Remote File Systems (Pre).
[[0;32m  OK  [0m] Reached target Remote File Systems.
         Starting Availability of block devices...
[[0;32m  OK  [0m] Listening on LXD - unix socket.
[[0;32m  OK  [0m] Listening on Socket activation for snappy daemon.
[[0;32m  OK  [0m] Started Availability of block devices.
[[0;32m  OK  [0m] Reached target Sockets.
[[0;32m  OK  [0m] Reached target Basic System.
[[0;32m  OK  [0m] Started Deferred execution scheduler.
         Starting Accounts Service...
         Starting LSB: Record successful boot for GRUB...
[[0;32m  OK  [0m] Started irqbalance daemon.
         Starting Dispatcher daemon for systemd-networkd...
         Starting Postfix Mail Transport Agent (instance -)...
[[0;32m  OK  [0m] Started D-Bus System Message Bus.
         Starting Permit User Sessions...
         Starting Message of the Day...
         Starting LSB: automatic crash report generation...
         Starting Virtualbox guest utils...
         Starting Login Service...
         Starting System Logging Service...
         Starting Snap Daemon...
         Starting Discard unused blocks...
         Starting OpenBSD Secure Shell server...
[[0;32m  OK  [0m] Started FUSE filesystem for LXC.
[[0;32m  OK  [0m] Started Regular background program processing daemon.
         Starting LXD - container startup/shutdown...
[[0;32m  OK  [0m] Started Permit User Sessions.
[[0;32m  OK  [0m] Started System Logging Service.
[[0;32m  OK  [0m] Started Discard unused blocks.
[[0;32m  OK  [0m] Started Login Service.
         Starting Authorization Manager...
[[0;32m  OK  [0m] Started Unattended Upgrades Shutdown.
         Starting Hold until boot process finishes up...
         Starting Terminate Plymouth Boot Screen...
[[0;32m  OK  [0m] Started OpenBSD Secure Shell server.
[[0;32m  OK  [0m] Started LSB: automatic crash report generation.
[[0;32m  OK  [0m] Started Hold until boot process finishes up.
[[0;32m  OK  [0m] Started Terminate Plymouth Boot Screen.
[[0;32m  OK  [0m] Started Serial Getty on ttyS0.
         Starting Set console scheme...
[[0;32m  OK  [0m] Started Authorization Manager.
[[0;32m  OK  [0m] Started Accounts Service.
[[0;32m  OK  [0m] Started Set console scheme.
[[0;32m  OK  [0m] Created slice system-getty.slice.
[[0;32m  OK  [0m] Started Getty on tty1.
[[0;32m  OK  [0m] Reached target Login Prompts.
[[0;32m  OK  [0m] Started LSB: Record successful boot for GRUB.
[[0;32m  OK  [0m] Started Virtualbox guest utils.
[[0;32m  OK  [0m] Started Dispatcher daemon for systemd-networkd.
[[0;32m  OK  [0m] Started LXD - container startup/shutdown.
[[0;32m  OK  [0m] Started Snap Daemon.
         Starting Wait until snapd is fully seeded...
[[0;32m  OK  [0m] Started Wait until snapd is fully seeded.
         Starting Apply the settings specified in cloud-config...
[[0;32m  OK  [0m] Started Postfix Mail Transport Agent (instance -).
         Starting Postfix Mail Transport Agent...
[[0;32m  OK  [0m] Started Postfix Mail Transport Agent.
[[0;32m  OK  [0m] Reached target Multi-User System.
[[0;32m  OK  [0m] Started GitLab Runit supervision process.
[[0;32m  OK  [0m] Reached target Graphical Interface.
         Starting Update UTMP about System Runlevel Changes...
[[0;32m  OK  [0m] Started Update UTMP about System Runlevel Changes.
[   14.514859] cloud-init[1196]: Cloud-init v. 20.4.1-0ubuntu1~18.04.1 running 'modules:config' at Mon, 20 Dec 2021 09:32:11 +0000. Up 14.41 seconds.
[[0;32m  OK  [0m] Started Apply the settings specified in cloud-config.
         Starting Execute cloud user/final scripts...
[   15.469410] cloud-init[1405]: Cloud-init v. 20.4.1-0ubuntu1~18.04.1 running 'modules:final' at Mon, 20 Dec 2021 09:32:11 +0000. Up 15.29 seconds.
[   15.472681] cloud-init[1405]: Cloud-init v. 20.4.1-0ubuntu1~18.04.1 finished at Mon, 20 Dec 2021 09:32:12 +0000. Datasource DataSourceNoCloud [seed=/dev/sdb][dsmode=net].  Up 15.45 seconds
[[0;32m  OK  [0m] Started Execute cloud user/final scripts.
         Starting Daily apt download activities...
[[0;32m  OK  [0m] Reached target Cloud-init target.
[[0;32m  OK  [0m] Created slice User Slice of vagrant.
         Starting User Manager for UID 1000...
[[0;32m  OK  [0m] Started Session 1 of user vagrant.
[[0;32m  OK  [0m] Started User Manager for UID 1000.

Ubuntu 18.04.5 LTS gitlab ttyS0

gitlab login: [[0;32m  OK  [0m] Stopped Unattended Upgrades Shutdown.
[[0;32m  OK  [0m] Closed Load/Save RF Kill Switch Status /dev/rfkill Watch.
[[0;32m  OK  [0m] Stopped target Cloud-init target.
[[0;32m  OK  [0m] Stopped Execute cloud user/final scripts.
[[0;32m  OK  [0m] Stopped target Graphical Interface.
         Stopping Availability of block devices...
         Stopping Accounts Service...
[[0;32m  OK  [0m] Stopped Apply the settings specified in cloud-config.
         Stopping Authorization Manager...
[[0;32m  OK  [0m] Stopped target Cloud-config availability.
         Stopping User Manager for UID 1000...
[[0;32m  OK  [0m] Stopped target Timers.
[[0;32m  OK  [0m] Stopped Daily apt upgrade and clean activities.
[[0;32m  OK  [0m] Stopped Discard unused blocks once a week.
[[0;32m  OK  [0m] Stopped Daily apt download activities.
[[0;32m  OK  [0m] Stopped Message of the Day.
[[0;32m  OK  [0m] Stopped target System Time Synchronized.
[[0;32m  OK  [0m] Stopped Daily Cleanup of Temporary Directories.
         Stopping Session 151 of user vagrant.
         Stopping GitLab Runit supervision process...
[[0;32m  OK  [0m] Stopped Accounts Service.
[[0;32m  OK  [0m] Stopped Authorization Manager.
[[0;32m  OK  [0m] Stopped Session 151 of user vagrant.
[[0;32m  OK  [0m] Stopped User Manager for UID 1000.
[[0;32m  OK  [0m] Removed slice User Slice of vagrant.
[[0;32m  OK  [0m] Unmounted /run/user/1000.
[[0;32m  OK  [0m] Stopped Availability of block devices.
[[0;32m  OK  [0m] Stopped GitLab Runit supervision process.
[[0;32m  OK  [0m] Stopped target Multi-User System.
         Stopping OpenBSD Secure Shell server...
[[0;32m  OK  [0m] Stopped Wait until snapd is fully seeded.
         Stopping LXD - container startup/shutdown...
[[0;32m  OK  [0m] Stopped Postfix Mail Transport Agent.
         Stopping Postfix Mail Transport Agent (instance -)...
         Stopping FUSE filesystem for LXC...
         Stopping D-Bus System Message Bus...
         Stopping irqbalance daemon...
         Stopping System Logging Service...
         Stopping Deferred execution scheduler...
         Stopping Dispatcher daemon for systemd-networkd...
         Stopping Login Service...
         Stopping LSB: automatic crash report generation...
         Stopping LSB: Record successful boot for GRUB...
         Stopping Regular background program processing daemon...
         Stopping Virtualbox guest utils...
[[0;32m  OK  [0m] Stopped target Login Prompts.
         Stopping Serial Getty on ttyS0...
         Stopping Getty on tty1...
[[0;32m  OK  [0m] Unmounted /var/lib/lxcfs.
[[0;32m  OK  [0m] Stopped Deferred execution scheduler.
[[0;32m  OK  [0m] Stopped irqbalance daemon.
[[0;32m  OK  [0m] Stopped Dispatcher daemon for systemd-networkd.
[[0;32m  OK  [0m] Stopped System Logging Service.
[[0;32m  OK  [0m] Stopped Regular background program processing daemon.
[[0;32m  OK  [0m] Stopped OpenBSD Secure Shell server.
[[0;32m  OK  [0m] Stopped Serial Getty on ttyS0.
[[0;32m  OK  [0m] Stopped Getty on tty1.
[[0;32m  OK  [0m] Stopped Login Service.
[[0;32m  OK  [0m] Stopped Postfix Mail Transport Agent (instance -).
[[0;32m  OK  [0m] Stopped D-Bus System Message Bus.
[[0;32m  OK  [0m] Stopped FUSE filesystem for LXC.
[[0;32m  OK  [0m] Removed slice system-postfix.slice.
[[0;32m  OK  [0m] Stopped target Network is Online.
[[0;32m  OK  [0m] Stopped target Host and Network Name Lookups.
[[0;32m  OK  [0m] Removed slice system-getty.slice.
[[0;32m  OK  [0m] Removed slice system-serial\x2dgetty.slice.
         Stopping Permit User Sessions...
[[0;32m  OK  [0m] Reached target Unmount All Filesystems.
[[0;32m  OK  [0m] Stopped LXD - container startup/shutdown.
[[0;32m  OK  [0m] Stopped LSB: automatic crash report generation.
[[0;32m  OK  [0m] Stopped LSB: Record successful boot for GRUB.
[[0;32m  OK  [0m] Stopped Permit User Sessions.
[[0;32m  OK  [0m] Stopped target Network.
         Stopping Network Name Resolution...
[[0;32m  OK  [0m] Stopped target User and Group Name Lookups.
[[0;32m  OK  [0m] Stopped target Remote File Systems.
[[0;32m  OK  [0m] Stopped target Remote File Systems (Pre).
[[0;32m  OK  [0m] Stopped Virtualbox guest utils.
[[0;32m  OK  [0m] Stopped target Basic System.
[[0;32m  OK  [0m] Stopped target Slices.
[[0;32m  OK  [0m] Removed slice User and Session Slice.
[[0;32m  OK  [0m] Stopped target Sockets.
[[0;32m  OK  [0m] Closed LXD - unix socket.
[[0;32m  OK  [0m] Closed D-Bus System Message Bus Socket.
[[0;32m  OK  [0m] Closed Socket activation for snappy daemon.
[[0;32m  OK  [0m] Closed UUID daemon activation socket.
[[0;32m  OK  [0m] Closed Syslog Socket.
[[0;32m  OK  [0m] Closed Open-iSCSI iscsid Socket.
[[0;32m  OK  [0m] Closed ACPID Listen Socket.
[[0;32m  OK  [0m] Stopped target Paths.
[[0;32m  OK  [0m] Stopped ACPI Events Check.
[[0;32m  OK  [0m] Stopped target System Initialization.
[[0;32m  OK  [0m] Stopped Initial cloud-init job (metadata service crawler).
         Stopping Load/Save Random Seed...
[[0;32m  OK  [0m] Stopped target Swap.
[[0;32m  OK  [0m] Stopped target Local Encrypted Volumes.
[[0;32m  OK  [0m] Stopped Forward Password Requests to Wall Directory Watch.
[[0;32m  OK  [0m] Stopped Dispatch Password Requests to Console Directory Watch.
         Stopping Update UTMP about System Boot/Shutdown...
[[0;32m  OK  [0m] Stopped Network Name Resolution.
[[0;32m  OK  [0m] Stopped Load/Save Random Seed.
         Stopping Network Service...
[[0;32m  OK  [0m] Stopped Update UTMP about System Boot/Shutdown.
[[0;32m  OK  [0m] Stopped Create Volatile Files and Directories.
[[0;32m  OK  [0m] Stopped target Local File Systems.
[[0;32m  OK  [0m] Stopped target Local File Systems (Pre).
         Stopping Monitoring of LVM2 mirrorsâ€¦ng dmeventd or progress polling...
[[0;32m  OK  [0m] Stopped Create Static Device Nodes in /dev.
[[0;32m  OK  [0m] Stopped Monitoring of LVM2 mirrors,â€¦sing dmeventd or progress polling.
         Stopping LVM2 metadata daemon...
[[0;32m  OK  [0m] Stopped LVM2 metadata daemon.
[[0;32m  OK  [0m] Stopped Network Service.
[[0;32m  OK  [0m] Stopped Apply Kernel Variables.
[[0;32m  OK  [0m] Stopped Load Kernel Modules.
[[0;32m  OK  [0m] Stopped target Network (Pre).
[[0;32m  OK  [0m] Stopped Initial cloud-init job (pre-networking).
[[0;32m  OK  [0m] Stopped Remount Root and Kernel File Systems.
[[0;32m  OK  [0m] Reached target Shutdown.
[[0;32m  OK  [0m] Reached target Final Step.
         Starting Power-Off...
[34450.184477] reboot: Power down
